******************************************************************************
                  TI ARM Linker PC v16.9.4                     
******************************************************************************
>> Linked Sun Aug 20 15:58:09 2023

OUTPUT FILE NAME:   <CALCULATOR.out>
ENTRY POINT SYMBOL: "_c_int00"  address: 000011a5


MEMORY CONFIGURATION

         name            origin    length      used     unused   attr    fill
----------------------  --------  ---------  --------  --------  ----  --------
  FLASH                 00000000   00040000  00001380  0003ec80  R  X
  SRAM                  20000000   00008000  0000026d  00007d93  RW X


SEGMENT ALLOCATION MAP

run origin  load origin   length   init length attrs members
----------  ----------- ---------- ----------- ----- -------
00000000    00000000    00001380   00001380    r-x
  00000000    00000000    0000026c   0000026c    r-- .intvecs
  0000026c    0000026c    000010bc   000010bc    r-x .text
  00001328    00001328    00000058   00000058    r-- .cinit
20000000    20000000    00000270   00000000    rw-
  20000000    20000000    00000200   00000000    rw- .stack
  20000200    20000200    00000039   00000000    rw- .data
  2000023c    2000023c    00000034   00000000    rw- .bss


SECTION ALLOCATION MAP

 output                                  attributes/
section   page    origin      length       input sections
--------  ----  ----------  ----------   ----------------
.intvecs   0    00000000    0000026c     
                  00000000    0000026c     tm4c123gh6pm_startup_ccs.obj (.intvecs)

.text      0    0000026c    000010bc     
                  0000026c    00000624     GPIO.obj (.text)
                  00000890    000002c8     calculator.obj (.text)
                  00000b58    0000026c     LCD_program.obj (.text)
                  00000dc4    0000016c     keypad_program.obj (.text)
                  00000f30    0000009c     rtsv7M4_T_le_v4SPD16_eabi.lib : memcpy_t2.obj (.text)
                  00000fcc    00000084     main.obj (.text)
                  00001050    0000007a     rtsv7M4_T_le_v4SPD16_eabi.lib : memset_t2.obj (.text)
                  000010ca    00000002                                   : mpu_init.obj (.text)
                  000010cc    00000070                                   : autoinit.obj (.text)
                  0000113c    00000068                                   : copy_decompress_lzss.obj (.text:decompress:lzss)
                  000011a4    00000054                                   : boot.obj (.text)
                  000011f8    00000054                                   : exit.obj (.text)
                  0000124c    0000004c                                   : cpy_tbl.obj (.text)
                  00001298    00000038     EXTI.obj (.text)
                  000012d0    00000018     rtsv7M4_T_le_v4SPD16_eabi.lib : args_main.obj (.text)
                  000012e8    00000014                                   : _lock.obj (.text)
                  000012fc    0000000e                                   : copy_decompress_none.obj (.text:decompress:none)
                  0000130a    0000000c                                   : copy_zero_init.obj (.text:decompress:ZI)
                  00001316    0000000c     tm4c123gh6pm_startup_ccs.obj (.text)
                  00001322    00000004     rtsv7M4_T_le_v4SPD16_eabi.lib : pre_init.obj (.text)
                  00001326    00000002                                   : startup.obj (.text)

.cinit     0    00001328    00000058     
                  00001328    00000030     (.cinit..data.load) [load image, compression = lzss]
                  00001358    0000000c     (__TI_handler_table)
                  00001364    00000004     --HOLE-- [fill = 0]
                  00001368    00000008     (.cinit..bss.load) [load image, compression = zero_init]
                  00001370    00000010     (__TI_cinit_table)

.init_array 
*          0    00000000    00000000     UNINITIALIZED

.stack     0    20000000    00000200     UNINITIALIZED
                  20000000    00000200     --HOLE--

.data      0    20000200    00000039     UNINITIALIZED
                  20000200    00000010     keypad_program.obj (.data:Local_u8KEYPADArr$1)
                  20000210    0000000c     rtsv7M4_T_le_v4SPD16_eabi.lib : exit.obj (.data:$O1$$)
                  2000021c    00000008                                   : _lock.obj (.data:$O1$$)
                  20000224    00000008     calculator.obj (.data)
                  2000022c    00000004     keypad_program.obj (.data:Local_u8ColumsArr$2)
                  20000230    00000004     keypad_program.obj (.data:Local_u8RowsArr$3)
                  20000234    00000004     rtsv7M4_T_le_v4SPD16_eabi.lib : stkdepth_vars.obj (.data)
                  20000238    00000001     main.obj (.data)

.bss       0    2000023c    00000034     UNINITIALIZED
                  2000023c    00000028     (.common:NUMBERS_NUMBER)
                  20000264    0000000c     (.common:OPERATION)

MODULE SUMMARY

       Module                         code   ro data   rw data
       ------                         ----   -------   -------
    .\
       calculator.obj                 712    0         60     
       tm4c123gh6pm_startup_ccs.obj   12     620       0      
       main.obj                       132    0         1      
       EXTI.obj                       56     0         0      
    +--+------------------------------+------+---------+---------+
       Total:                         912    620       61     
                                                              
    .\HAL\KEYPAD\
       keypad_program.obj             364    0         24     
    +--+------------------------------+------+---------+---------+
       Total:                         364    0         24     
                                                              
    .\HAL\LCD\
       LCD_program.obj                620    0         0      
    +--+------------------------------+------+---------+---------+
       Total:                         620    0         0      
                                                              
    .\MCAL\GPIO\
       GPIO.obj                       1572   0         0      
    +--+------------------------------+------+---------+---------+
       Total:                         1572   0         0      
                                                              
    C:\ti\ccsv7\tools\compiler\ti-cgt-arm_16.9.4.LTS\lib\rtsv7M4_T_le_v4SPD16_eabi.lib
       memcpy_t2.obj                  156    0         0      
       memset_t2.obj                  122    0         0      
       autoinit.obj                   112    0         0      
       copy_decompress_lzss.obj       104    0         0      
       exit.obj                       84     0         12     
       boot.obj                       84     0         0      
       cpy_tbl.obj                    76     0         0      
       _lock.obj                      20     0         8      
       args_main.obj                  24     0         0      
       copy_decompress_none.obj       14     0         0      
       copy_zero_init.obj             12     0         0      
       pre_init.obj                   4      0         0      
       stkdepth_vars.obj              0      0         4      
       mpu_init.obj                   2      0         0      
       startup.obj                    2      0         0      
    +--+------------------------------+------+---------+---------+
       Total:                         816    0         24     
                                                              
       Stack:                         0      0         512    
       Linker Generated:              0      84        0      
    +--+------------------------------+------+---------+---------+
       Grand Total:                   4284   704       621    


LINKER GENERATED COPY TABLES

__TI_cinit_table @ 00001370 records: 2, size/record: 8, table size: 16
	.data: load addr=00001328, load size=00000030 bytes, run addr=20000200, run size=00000039 bytes, compression=lzss
	.bss: load addr=00001368, load size=00000008 bytes, run addr=2000023c, run size=00000034 bytes, compression=zero_init


LINKER GENERATED HANDLER TABLE

__TI_handler_table @ 00001358 records: 3, size/record: 4, table size: 12
	index: 0, handler: __TI_decompress_lzss
	index: 1, handler: __TI_decompress_none
	index: 2, handler: __TI_zero_init


GLOBAL SYMBOLS: SORTED ALPHABETICALLY BY Name 

address   name                           
-------   ----                           
000011f9  C$$EXIT                        
00000945  CALCULATE                      
20000238  FLAG_KEYPAD_PRESSED            
000007c1  GPIO_u8Read                    
0000026d  GPIO_voidInit                  
0000033f  GPIO_voidInput                 
00000535  GPIO_voidWritePin              
00000891  Get_Priority                   
00001299  ISR_KEYPAD_PORTA               
000012ab  ISR_KEYPAD_PORTA_Init          
00000dff  KEYPAD_u8PressedKey            
00000dc5  KEYPAD_voidInit                
00000c97  LCD_voidGoToXY                 
00000c1b  LCD_voidInit                   
00000b9f  LCD_voidSendCommand            
00000bdd  LCD_voidSendData               
00000d3f  LCD_voidSendNumber             
00000c67  LCD_voidSendString             
00000cd1  LCD_voidWriteSpecialCh         
2000023c  NUMBERS_NUMBER                 
20000264  OPERATION                      
000008cd  Perform_Operation              
00001317  ResetISR                       
UNDEFED   SHT$$INIT_ARRAY$$Base          
UNDEFED   SHT$$INIT_ARRAY$$Limit         
20000200  __STACK_END                    
00000200  __STACK_SIZE                   
20000200  __STACK_TOP                    
00001370  __TI_CINIT_Base                
00001380  __TI_CINIT_Limit               
00001358  __TI_Handler_Table_Base        
00001364  __TI_Handler_Table_Limit       
000010cd  __TI_auto_init                 
20000210  __TI_cleanup_ptr               
0000113d  __TI_decompress_lzss           
000012fd  __TI_decompress_none           
20000214  __TI_dtors_ptr                 
20000218  __TI_enable_exit_profile_output
ffffffff  __TI_pprof_out_hndl            
ffffffff  __TI_prof_data_size            
ffffffff  __TI_prof_data_start           
00000000  __TI_static_base__             
0000130b  __TI_zero_init                 
00001051  __aeabi_memclr                 
00001051  __aeabi_memclr4                
00001051  __aeabi_memclr8                
00000f31  __aeabi_memcpy                 
00000f31  __aeabi_memcpy4                
00000f31  __aeabi_memcpy8                
00001053  __aeabi_memset                 
00001053  __aeabi_memset4                
00001053  __aeabi_memset8                
ffffffff  __binit__                      
ffffffff  __c_args__                     
000010cb  __mpu_init                     
20000000  __stack                        
000012d1  _args_main                     
000011a5  _c_int00                       
2000021c  _lock                          
000012f7  _nop                           
000012ef  _register_lock                 
000012e9  _register_unlock               
00001327  _system_post_cinit             
00001323  _system_pre_init               
20000220  _unlock                        
000011fd  abort                          
ffffffff  binit                          
0000124d  copy_in                        
00000b59  delayMs                        
00001205  exit                           
00000000  g_pfnVectors                   
00000fcd  main                           
20000234  main_func_sp                   
00000f31  memcpy                         
00001059  memset                         


GLOBAL SYMBOLS: SORTED BY Symbol Address 

address   name                           
-------   ----                           
00000000  __TI_static_base__             
00000000  g_pfnVectors                   
00000200  __STACK_SIZE                   
0000026d  GPIO_voidInit                  
0000033f  GPIO_voidInput                 
00000535  GPIO_voidWritePin              
000007c1  GPIO_u8Read                    
00000891  Get_Priority                   
000008cd  Perform_Operation              
00000945  CALCULATE                      
00000b59  delayMs                        
00000b9f  LCD_voidSendCommand            
00000bdd  LCD_voidSendData               
00000c1b  LCD_voidInit                   
00000c67  LCD_voidSendString             
00000c97  LCD_voidGoToXY                 
00000cd1  LCD_voidWriteSpecialCh         
00000d3f  LCD_voidSendNumber             
00000dc5  KEYPAD_voidInit                
00000dff  KEYPAD_u8PressedKey            
00000f31  __aeabi_memcpy                 
00000f31  __aeabi_memcpy4                
00000f31  __aeabi_memcpy8                
00000f31  memcpy                         
00000fcd  main                           
00001051  __aeabi_memclr                 
00001051  __aeabi_memclr4                
00001051  __aeabi_memclr8                
00001053  __aeabi_memset                 
00001053  __aeabi_memset4                
00001053  __aeabi_memset8                
00001059  memset                         
000010cb  __mpu_init                     
000010cd  __TI_auto_init                 
0000113d  __TI_decompress_lzss           
000011a5  _c_int00                       
000011f9  C$$EXIT                        
000011fd  abort                          
00001205  exit                           
0000124d  copy_in                        
00001299  ISR_KEYPAD_PORTA               
000012ab  ISR_KEYPAD_PORTA_Init          
000012d1  _args_main                     
000012e9  _register_unlock               
000012ef  _register_lock                 
000012f7  _nop                           
000012fd  __TI_decompress_none           
0000130b  __TI_zero_init                 
00001317  ResetISR                       
00001323  _system_pre_init               
00001327  _system_post_cinit             
00001358  __TI_Handler_Table_Base        
00001364  __TI_Handler_Table_Limit       
00001370  __TI_CINIT_Base                
00001380  __TI_CINIT_Limit               
20000000  __stack                        
20000200  __STACK_END                    
20000200  __STACK_TOP                    
20000210  __TI_cleanup_ptr               
20000214  __TI_dtors_ptr                 
20000218  __TI_enable_exit_profile_output
2000021c  _lock                          
20000220  _unlock                        
20000234  main_func_sp                   
20000238  FLAG_KEYPAD_PRESSED            
2000023c  NUMBERS_NUMBER                 
20000264  OPERATION                      
ffffffff  __TI_pprof_out_hndl            
ffffffff  __TI_prof_data_size            
ffffffff  __TI_prof_data_start           
ffffffff  __binit__                      
ffffffff  __c_args__                     
ffffffff  binit                          
UNDEFED   SHT$$INIT_ARRAY$$Base          
UNDEFED   SHT$$INIT_ARRAY$$Limit         

[75 symbols]
